Traceback (most recent call last):
  File "/home/prakhar/Downloads/spelljump/scripts/train_distilbert.py", line 9, in <module>
    from transformers import (
  File "<frozen importlib._bootstrap>", line 1229, in _handle_fromlist
  File "/home/prakhar/Downloads/spelljump/.venv/lib/python3.11/site-packages/transformers/utils/import_utils.py", line 2212, in __getattr__
    module = self._get_module(self._class_to_module[name])
             ^^^^^^^^^^^^^^^^^^^^^^^^^^^^^^^^^^^^^^^^^^^^^
  File "/home/prakhar/Downloads/spelljump/.venv/lib/python3.11/site-packages/transformers/utils/import_utils.py", line 2444, in _get_module
    return importlib.import_module("." + module_name, self.__name__)
           ^^^^^^^^^^^^^^^^^^^^^^^^^^^^^^^^^^^^^^^^^^^^^^^^^^^^^^^^^
  File "/home/prakhar/.local/share/uv/python/cpython-3.11.15-linux-x86_64-gnu/lib/python3.11/importlib/__init__.py", line 126, in import_module
    return _bootstrap._gcd_import(name[level:], package, level)
           ^^^^^^^^^^^^^^^^^^^^^^^^^^^^^^^^^^^^^^^^^^^^^^^^^^^^
  File "/home/prakhar/Downloads/spelljump/.venv/lib/python3.11/site-packages/transformers/data/__init__.py", line 29, in <module>
    from .processors import (
  File "/home/prakhar/Downloads/spelljump/.venv/lib/python3.11/site-packages/transformers/data/processors/__init__.py", line 16, in <module>
    from .squad import SquadExample, SquadFeatures, SquadV1Processor, SquadV2Processor, squad_convert_examples_to_features
  File "/home/prakhar/Downloads/spelljump/.venv/lib/python3.11/site-packages/transformers/data/processors/squad.py", line 24, in <module>
    from ...models.bert.tokenization_bert_legacy import whitespace_tokenize
  File "/home/prakhar/Downloads/spelljump/.venv/lib/python3.11/site-packages/transformers/models/__init__.py", line 480, in <module>
    sys.modules[__name__] = _LazyModule(__name__, _file, define_import_structure(_file), module_spec=__spec__)
                                                         ^^^^^^^^^^^^^^^^^^^^^^^^^^^^^^
  File "/home/prakhar/Downloads/spelljump/.venv/lib/python3.11/site-packages/transformers/utils/import_utils.py", line 2985, in define_import_structure
    import_structure = create_import_structure_from_path(module_path)
                       ^^^^^^^^^^^^^^^^^^^^^^^^^^^^^^^^^^^^^^^^^^^^^^
  File "/home/prakhar/Downloads/spelljump/.venv/lib/python3.11/site-packages/transformers/utils/import_utils.py", line 2702, in create_import_structure_from_path
    import_structure[entry.name] = create_import_structure_from_path(entry.path)
                                   ^^^^^^^^^^^^^^^^^^^^^^^^^^^^^^^^^^^^^^^^^^^^^
  File "/home/prakhar/Downloads/spelljump/.venv/lib/python3.11/site-packages/transformers/utils/import_utils.py", line 2719, in create_import_structure_from_path
    file_content = f.read()
                   ^^^^^^^^
  File "<frozen codecs>", line 319, in decode
KeyboardInterrupt
usage: train_distilbert.py [-h] [--data DATA] [--out OUT] [--epochs EPOCHS]
                           [--skip-onnx]
train_distilbert.py: error: argument --data: expected one argument
